
> 99tests@0.1.0 build
> next build

  Γû▓ Next.js 14.2.35
  - Environments: .env.local

   Creating an optimized production build ...
npm : <w> [webpack.cache.PackFileCacheStrategy/webpack.FileSystemInfo] Parsing of 
C:\99tests\node_modules\next-intl\dist\esm\production\extractor\format\index.js for build 
dependencies failed at 'import(t)'.
No linha:1 caractere:1
+ npm run build > build_output.txt 2>&1
+ ~~~~~~~~~~~~~~~~~~~~~~~~~~~~~~~~~~~~~
    + CategoryInfo          : NotSpecified: (<w> [webpack.ca...at 'import(t)'.:String) [], RemoteExc 
   eption
    + FullyQualifiedErrorId : NativeCommandError
 
<w> Build dependencies behind this expression are ignored and might cause incorrect cache 
invalidation.
<w> [webpack.cache.PackFileCacheStrategy/webpack.FileSystemInfo] Parsing of 
C:\99tests\node_modules\next-intl\dist\esm\production\extractor\format\index.js for build 
dependencies failed at 'import(t)'.
<w> Build dependencies behind this expression are ignored and might cause incorrect cache 
invalidation.
<w> [webpack.cache.PackFileCacheStrategy] Serializing big strings (140kiB) impacts deserialization 
performance (consider using Buffer instead and decode when needed)
<w> [webpack.cache.PackFileCacheStrategy/webpack.FileSystemInfo] Parsing of 
C:\99tests\node_modules\next-intl\dist\esm\production\extractor\format\index.js for build 
dependencies failed at 'import(t)'.
<w> Build dependencies behind this expression are ignored and might cause incorrect cache 
invalidation.
 Γ£ô Compiled successfully
   Skipping linting
   Checking validity of types ...
Failed to compile.

./lib/materials-calculator.ts:118:21
Type error: Type 'MapIterator<CalculatedMaterial>' can only be iterated through when using the 
'--downlevelIteration' flag or with a '--target' of 'es2015' or higher.

[0m [90m 116 |[39m[0m
[0m [90m 117 |[39m   [90m// Post-processing: calculate tube counts for volume-based 
materials[39m[0m
[0m[31m[1m>[22m[39m[90m 118 |[39m   [36mfor[39m ([36mconst[39m agg [36mof[39m 
aggregation[33m.[39mvalues()) {[0m
[0m [90m     |[39m                     [31m[1m^[22m[39m[0m
[0m [90m 119 |[39m     [36mif[39m (agg[33m.[39mmeasurement_type [33m===[39m 
[32m'volume'[39m [33m&&[39m agg[33m.[39mtotal_required_volume [33m!=[39m [36mnull[39m 
[33m&&[39m agg[33m.[39mtube_capacity [33m!=[39m [36mnull[39m [33m&&[39m 
agg[33m.[39mtube_capacity [33m>[39m [35m0[39m) {[0m
[0m [90m 120 |[39m       agg[33m.[39mcalculated_tube_count [33m=[39m 
[33mMath[39m[33m.[39mceil(agg[33m.[39mtotal_required_volume [33m/[39m 
agg[33m.[39mtube_capacity)[33m;[39m[0m
[0m [90m 121 |[39m     } [36melse[39m [36mif[39m (agg[33m.[39mmeasurement_type 
[33m===[39m [32m'volume'[39m [33m&&[39m agg[33m.[39mtotal_required_volume [33m!=[39m 
[36mnull[39m) {[0m
Next.js build worker exited with code: 1 and signal: null
