{
  "code": "PGRST204",
  "details": null,
  "hint": null,
  "message": "Could not find the 'stripe_session_id' column of 'payment' in the schema cache"
}